
> edumate-ai@0.1.0 build
> next build

   Γû▓ Next.js 16.0.3 (Turbopack)
   - Environments: .env.local
   - Experiments (use with caution):
     ┬╖ clientTraceMetadata

   Creating an optimized production build ...
